  console.log
    Γ£à Connected to Redis successfully

      at EventEmitter.log (src/config/redis.js:11:13)

  console.log
    DEBUG Error: { message: '╪▒┘é┘à ╪º┘ä┘ç╪º╪¬┘ü ╪¡┘é┘ä ╪Ñ┘ä╪▓╪º┘à┘è' }

      at Object.log (tests/auth.test.js:62:45)

[31merror[39m: Access denied. Please use school-specific login. {"method":"POST","service":"school-management-service","stack":"Error: Access denied. Please use school-specific login.\n    at Object.exports.loginUser (C:\\Users\\PC\\Desktop\\schools_management_app\\backend\\src\\services\\authService.js:72:15)\n    at processTicksAndRejections (node:internal/process/task_queues:103:5)\n    at C:\\Users\\PC\\Desktop\\schools_management_app\\backend\\src\\controllers\\authController.js:63:29","timestamp":"2026-04-22 16:54:58","url":"/api/auth/login"}
[31merror[39m: Access denied. Please use school-specific login. {"method":"POST","service":"school-management-service","stack":"Error: Access denied. Please use school-specific login.\n    at Object.exports.loginUser (C:\\Users\\PC\\Desktop\\schools_management_app\\backend\\src\\services\\authService.js:72:15)\n    at processTicksAndRejections (node:internal/process/task_queues:103:5)\n    at C:\\Users\\PC\\Desktop\\schools_management_app\\backend\\src\\controllers\\authController.js:63:29","timestamp":"2026-04-22 16:54:58","url":"/api/auth/login"}
node.exe : FAIL tests/auth.test.js
At line:1 char:1
+ & "C:\Program Files\nodejs/node.exe" "C:\Users\PC\AppData\Roaming\npm ...
+ ~~~~~~~~~~~~~~~~~~~~~~~~~~~~~~~~~~~~~~~~~~~~~~~~~~~~~~~~~~~~~~~~~~~~~
    + CategoryInfo          : NotSpecified: (FAIL tests/auth.test.js:String) [], RemoteException
    + FullyQualifiedErrorId : NativeCommandError
 
  Auth System Unit Tests (Mocked)
    POST /api/auth/register
      ├ù should register a new user successfully (56 ms)
      ├ù should fail if email already exists (7 ms)
    POST /api/auth/login
      ├ù should login successfully with correct credentials (74 ms)
      ├ù should fail with wrong password (61 ms)

  ΓùÅ Auth System Unit Tests (Mocked) ΓÇ║ POST /api/auth/register ΓÇ║ should register a new user successfully

    expect(received).toBe(expected) // Object.is equality

    Expected: 201
    Received: 400

    [0m [90m 61 |[39m             
     [90m 62 |[39m             [36mif[39m (res[33m.[39mstatus [33m!==[39m [35m201[39m) 
console[33m.[39mlog([32m'DEBUG Error:'[39m[33m,[39m res[33m.[39mbody)[33m;[39m
    [31m[1m>[22m[39m[90m 63 |[39m             
expect(res[33m.[39mstatus)[33m.[39mtoBe([35m201[39m)[33m;[39m
     [90m    |[39m                                [31m[1m^[22m[39m
     [90m 64 |[39m
     [90m 65 |[39m             
expect(res[33m.[39mbody[33m.[39muser[33m.[39memail)[33m.[39mtoBe(testUser[33m.[39memail)[33m;[39m
     [90m 66 |[39m             
expect(prisma[33m.[39muser[33m.[39mcreate)[33m.[39mtoHaveBeenCalled()[33m;[39m[0m

      at Object.toBe (tests/auth.test.js:63:32)

  ΓùÅ Auth System Unit Tests (Mocked) ΓÇ║ POST /api/auth/register ΓÇ║ should fail if email already exists

    expect(received).toMatch(expected)

    Expected pattern: /exists/i
    Received string:  "╪▒┘é┘à ╪º┘ä┘ç╪º╪¬┘ü ╪¡┘é┘ä ╪Ñ┘ä╪▓╪º┘à┘è"

    [0m [90m 75 |[39m                 [33m.[39mexpect([35m400[39m)[33m;[39m
     [90m 76 |[39m
    [31m[1m>[22m[39m[90m 77 |[39m             
expect(res[33m.[39mbody[33m.[39mmessage)[33m.[39mtoMatch([35m/exists/i[39m)[33m;[39m
     [90m    |[39m                                      [31m[1m^[22m[39m
     [90m 78 |[39m         })[33m;[39m
     [90m 79 |[39m     })[33m;[39m
     [90m 80 |[39m[0m

      at Object.toMatch (tests/auth.test.js:77:38)

  ΓùÅ Auth System Unit Tests (Mocked) ΓÇ║ POST /api/auth/login ΓÇ║ should login successfully with correct credentials

    expected 200 "OK", got 500 "Internal Server Error"

    [0m [90m 93 |[39m                     password[33m:[39m testUser[33m.[39mpassword
     [90m 94 |[39m                 })
    [31m[1m>[22m[39m[90m 95 |[39m                 [33m.[39mexpect([35m200[39m)[33m;[39m
     [90m    |[39m                  [31m[1m^[22m[39m
     [90m 96 |[39m
     [90m 97 |[39m             
expect(res[33m.[39mheaders[[32m'set-cookie'[39m])[33m.[39mtoBeDefined()[33m;[39m
     [90m 98 |[39m             
expect(res[33m.[39mbody[33m.[39muserData[33m.[39memail)[33m.[39mtoBe(testUser[33m.[39memail)[33m;[39m[0m

      at Object.expect (tests/auth.test.js:95:18)
      ----
      at Test._assertStatus (node_modules/supertest/lib/test.js:309:14)
      at node_modules/supertest/lib/test.js:365:13
      at Test._assertFunction (node_modules/supertest/lib/test.js:342:13)
      at Test.assert (node_modules/supertest/lib/test.js:195:23)
      at localAssert (node_modules/supertest/lib/test.js:138:14)
      at Server.<anonymous> (node_modules/supertest/lib/test.js:152:11)

  ΓùÅ Auth System Unit Tests (Mocked) ΓÇ║ POST /api/auth/login ΓÇ║ should fail with wrong password

    expected 401 "Unauthorized", got 500 "Internal Server Error"

    [0m [90m 112 |[39m                     password[33m:[39m testUser[33m.[39mpassword
     [90m 113 |[39m                 })
    [31m[1m>[22m[39m[90m 114 |[39m                 [33m.[39mexpect([35m401[39m)[33m;[39m
     [90m     |[39m                  [31m[1m^[22m[39m
     [90m 115 |[39m
     [90m 116 |[39m             expect(res[33m.[39mbody[33m.[39mmessage)[33m.[39mtoBe([32m"Invalid 
credentials"[39m)[33m;[39m
     [90m 117 |[39m         })[33m;[39m[0m

      at Object.expect (tests/auth.test.js:114:18)
      ----
      at Test._assertStatus (node_modules/supertest/lib/test.js:309:14)
      at node_modules/supertest/lib/test.js:365:13
      at Test._assertFunction (node_modules/supertest/lib/test.js:342:13)
      at Test.assert (node_modules/supertest/lib/test.js:195:23)
      at localAssert (node_modules/supertest/lib/test.js:138:14)
      at Server.<anonymous> (node_modules/supertest/lib/test.js:152:11)

Test Suites: 1 failed, 1 total
Tests:       4 failed, 4 total
Snapshots:   0 total
Time:        1.012 s, estimated 2 s
Ran all test suites matching tests/auth.test.js.
Jest did not exit one second after the test run has completed.

'This usually means that there are asynchronous operations that weren't stopped in your tests. Consider running Jest 
with `--detectOpenHandles` to troubleshoot this issue.
